// Vitest Snapshot v1, https://vitest.dev/guide/snapshot.html

exports[`should test snapshot UI testing 1`] = `""`;
